<?xml version="1.0" encoding="UTF-8"?>
<testsuites name="jest tests" tests="1" failures="0" errors="0" time="1.397">
  <testsuite name="index" errors="0" failures="0" skipped="0" timestamp="2024-06-25T21:07:26" time="1.057" tests="1">
    <testcase classname="index index.js has no error" name="index index.js has no error" time="0.69">
    </testcase>
  </testsuite>
</testsuites>